---
source: milli/src/update/facets.rs
---
6438e94bc7fada13022e0efccdf294e0
