---
source: milli/src/update/facets.rs
---
e68ea591e1af3e53e544dff9a1648e88
