---
source: milli/src/update/facets.rs
---
faddef9eae5f2efacfec51f20f2e8cd6
