---
source: milli/src/update/facets.rs
---
02bbf2ca1663cccea0e4c06d5ad06a45
