---
source: milli/src/update/facets.rs
---
5348bbc46b5384455b6a900666d2a502
