---
source: milli/src/update/word_prefix_pair_proximity_docids.rs
---
5ed4bf83317b10962a55ade353427bdd
