---
source: milli/src/update/facets.rs
---
587899707db2848da3f18399e14ed4d0
