---
source: milli/src/update/facets.rs
---
ddb8fc987c5dc892337682595043858e
