---
source: milli/src/update/facets.rs
---
12a4bb0f5b95d7629c2b9a915150c0cf
